[preview.uiuxassets.com/opalin/index.html]
[backblue.gif]
[fade.gif]
[index.html]
[preview.uiuxassets.com/opalin/media/favicon.png]
[preview.uiuxassets.com/opalin/media/favicon.svg]
[preview.uiuxassets.com/opalin/css/main.css]
[preview.uiuxassets.com/opalin/pricing.html]
[preview.uiuxassets.com/opalin/about.html]
[preview.uiuxassets.com/opalin/login.html]
[preview.uiuxassets.com/opalin/signup.html]
[preview.uiuxassets.com/opalin/media/content/hero-illustration.png]
[preview.uiuxassets.com/opalin/media/content/editor.png]
[preview.uiuxassets.com/opalin/media/content/sketch.png]
[preview.uiuxassets.com/opalin/media/content/opalin-dashboard.png]
[preview.uiuxassets.com/opalin/media/content/trusted-company-dark.png]
[preview.uiuxassets.com/opalin/media/content/customers.jpg]
[preview.uiuxassets.com/opalin/index.html]
[preview.uiuxassets.com/opalin/media/favicon.svg]
[preview.uiuxassets.com/opalin/js/main.js]
[preview.uiuxassets.com/opalin/media/bg/shape-01.svg]
[preview.uiuxassets.com/opalin/media/bg/shape-dark-01.svg]
[preview.uiuxassets.com/opalin/media/bg/shape-02.svg]
[preview.uiuxassets.com/opalin/media/bg/shape-dark-02.svg]
[preview.uiuxassets.com/opalin/media/bg/shape-03.svg]
[preview.uiuxassets.com/opalin/media/bg/shape-dark-03.svg]
[preview.uiuxassets.com/opalin/media/bg/shape-04.svg]
[preview.uiuxassets.com/opalin/media/bg/shape-dark-04.svg]
[preview.uiuxassets.com/opalin/media/bg/shape-05.svg]
[preview.uiuxassets.com/opalin/media/bg/shape-dark-05.svg]
[preview.uiuxassets.com/opalin/media/bg/shape-06.svg]
[preview.uiuxassets.com/opalin/media/bg/shape-dark-06.svg]
[preview.uiuxassets.com/opalin/media/bg/image-01@2x.jpg]
[preview.uiuxassets.com/opalin/media/bg/image-01.jpg]
[preview.uiuxassets.com/opalin/media/bg/image-02@2x.jpg]
[preview.uiuxassets.com/opalin/media/bg/image-02.jpg]
[preview.uiuxassets.com/opalin/media/bg/image-03@2x.jpg]
[preview.uiuxassets.com/opalin/media/bg/image-03.jpg]
[preview.uiuxassets.com/opalin/media/bg/image-04@2x.jpg]
[preview.uiuxassets.com/opalin/media/bg/image-04.jpg]
[preview.uiuxassets.com/opalin/media/bg/image-05@2x.jpg]
[preview.uiuxassets.com/opalin/media/bg/image-05.jpg]
[preview.uiuxassets.com/opalin/media/bg/image-06@2x.jpg]
[preview.uiuxassets.com/opalin/media/bg/image-06.jpg]
[preview.uiuxassets.com/opalin/media/bg/image-07@2x.jpg]
[preview.uiuxassets.com/opalin/media/bg/image-07.jpg]
[preview.uiuxassets.com/opalin/media/bg/image-08@2x.jpg]
[preview.uiuxassets.com/opalin/media/bg/image-08.jpg]
[preview.uiuxassets.com/opalin/css/main.css]
[preview.uiuxassets.com/opalin/pricing.html]
[preview.uiuxassets.com/opalin/media/bg/shape-hero.svg]
[preview.uiuxassets.com/opalin/media/content/about-01.jpg]
[preview.uiuxassets.com/opalin/media/content/about-02.jpg]
[preview.uiuxassets.com/opalin/media/content/about-03.jpg]
[preview.uiuxassets.com/opalin/media/content/trusted-company.png]
[preview.uiuxassets.com/opalin/about.html]
[preview.uiuxassets.com/opalin/login.html]
[preview.uiuxassets.com/opalin/signup.html]
[preview.uiuxassets.com/opalin/media/bg/shape-01.svg]
[preview.uiuxassets.com/opalin/media/bg/shape-dark-01.svg]
[preview.uiuxassets.com/opalin/media/bg/shape-02.svg]
[preview.uiuxassets.com/opalin/media/bg/shape-dark-02.svg]
[preview.uiuxassets.com/opalin/media/bg/shape-03.svg]
[preview.uiuxassets.com/opalin/media/bg/shape-dark-03.svg]
[preview.uiuxassets.com/opalin/media/bg/shape-04.svg]
[preview.uiuxassets.com/opalin/media/bg/shape-dark-04.svg]
[preview.uiuxassets.com/opalin/media/bg/shape-05.svg]
[preview.uiuxassets.com/opalin/media/bg/shape-dark-05.svg]
[preview.uiuxassets.com/opalin/media/bg/shape-06.svg]
[preview.uiuxassets.com/opalin/media/bg/shape-dark-06.svg]
[preview.uiuxassets.com/opalin/media/bg/shape-hero.svg]
[preview.uiuxassets.com/opalin/forgot-password.html]
[preview.uiuxassets.com/opalin/forgot-password.html]
